{
 "coverage": {
  "on_grid": 0.556926528323051,
  "fair_peer": 0.985698261357263,
  "issuer_curve": 0.3785754346606842,
  "offer_linked": 0.9015703869882221,
  "first_time": 0.3670779584969153,
  "bd_settle_to_first_print_median": 23.0,
  "first_print_within_5bd": 0.15731912507010656,
  "first_print_within_21bd": 0.27341559169938306,
  "regime": {
   "RCVM160": 2359,
   "ICVM476": 1040,
   "other": 131,
   "ICVM400": 36
  },
  "kind": {
   "DI_SPREAD": 2561,
   "IPCA": 914,
   "PRE": 91
  },
  "incent": 824
 },
 "concession_bps": {
  "conc_peer": {
   "n": 3515,
   "mean": 36.13657324336121,
   "median": 21.729691183755676,
   "t": 10.69263283493888,
   "hit": 0.5766714082503556,
   "t_cl_month": 5.6405800218783275
  },
  "conc_iss": {
   "n": 1331,
   "mean": -16.245759577777843,
   "median": -9.143250102809748,
   "t": -3.986964014899182,
   "hit": 0.40345604808414726,
   "t_cl_month": -2.2233023305801614
  },
  "conc": {
   "n": 3515,
   "mean": 32.56712588391123,
   "median": 17.062892420167017,
   "t": 9.512360283199824,
   "hit": 0.5832147937411095,
   "t_cl_month": 4.534351415972158
  },
  "iss_resid_raw": {
   "n": 1350,
   "mean": 18.553871525418057,
   "median": 1.276554846537529,
   "t": 4.470062505053907,
   "hit": 0.5111111111111111,
   "t_cl_month": 2.0874570246181823
  }
 },
 "first_print": {
  "J_%": {
   "n": 1868,
   "mean": 0.2615901659034959,
   "median": 0.20529336964931885,
   "t": 1.7435820501163646,
   "hit": 0.7210920770877944,
   "t_cl_month": 0.560106725784232
  },
  "J_raw_%": {
   "n": 1868,
   "mean": -0.5043576017130624,
   "median": 0.0,
   "t": -5.045220448751207,
   "hit": 0.32441113490364026,
   "t_cl_month": -2.101011191452468
  },
  "spread_move_bps": {
   "n": 1868,
   "mean": 5.676365970273716,
   "median": -1.1368683772161603e-13,
   "t": 2.5449603333041417,
   "hit": 0.49678800856531047,
   "t_cl_month": 0.9130686407943847
  },
  "resid_at_fp_bps": {
   "n": 1972,
   "mean": 49.03330849644671,
   "median": 0.9217947946784619,
   "t": 14.002074451677773,
   "hit": 0.5065922920892495,
   "t_cl_month": 9.515022100047045
  }
 },
 "path": {
  "21": {
   "post_%": {
    "n": 1820,
    "mean": 0.40010232183607247,
    "median": 0.13442038860607314,
    "t": 10.080973767375346,
    "hit": 0.8060439560439561,
    "t_cl_month": 7.424761200459747
   },
   "rel_univ_%": {
    "n": 1820,
    "mean": 0.2912310552904182,
    "median": 0.10207151524026767,
    "t": 7.395231445476458,
    "hit": 0.5758241758241758,
    "t_cl_month": 5.752919291755808
   },
   "prim_vs_univ_%": {
    "n": 929,
    "mean": -0.22436431775327378,
    "median": 0.023838905195657886,
    "t": -1.3671119528827864,
    "hit": 0.5199138858988159,
    "t_cl_month": -0.56542889282198
   },
   "rel_peer_%": {
    "n": 1961,
    "mean": 0.26531966359171,
    "median": 0.02664314720167817,
    "t": 7.258650830663344,
    "hit": 0.5293217746047935,
    "t_cl_month": 6.019082331899631
   },
   "prim_vs_peer_%": {
    "n": 958,
    "mean": -0.19665022514558067,
    "median": -0.01782145194729516,
    "t": -1.2530583988227648,
    "hit": 0.46659707724425886,
    "t_cl_month": -0.5223180599909938
   },
   "dS_vs_univ_bps": {
    "n": 1820,
    "mean": 3.7726976177175917,
    "median": -0.7106804066100025,
    "t": 1.5899751901193175,
    "hit": 0.4846153846153846,
    "t_cl_month": 0.6286409382959541
   },
   "resid_bps": {
    "n": 1024,
    "mean": 19.655881668762444,
    "median": -5.073826078231193,
    "t": 5.645112589915109,
    "hit": 0.4521484375,
    "t_cl_month": 3.9217057222039187
   }
  },
  "63": {
   "post_%": {
    "n": 1704,
    "mean": 0.7930213913439098,
    "median": 0.4411529603059805,
    "t": 13.584173991689587,
    "hit": 0.812206572769953,
    "t_cl_month": 6.522966274193702
   },
   "rel_univ_%": {
    "n": 1704,
    "mean": 0.3691343517847799,
    "median": 0.08831983796502291,
    "t": 6.4970313145085115,
    "hit": 0.5246478873239436,
    "t_cl_month": 3.8226562828636315
   },
   "prim_vs_univ_%": {
    "n": 1051,
    "mean": -0.5321710978882954,
    "median": -0.08427003942904285,
    "t": -2.599520960300775,
    "hit": 0.4776403425309229,
    "t_cl_month": -0.8070211937202445
   },
   "rel_peer_%": {
    "n": 1955,
    "mean": 0.34752266261446163,
    "median": 0.048754487060614304,
    "t": 7.0786621964398675,
    "hit": 0.5258312020460358,
    "t_cl_month": 4.651543109122535
   },
   "prim_vs_peer_%": {
    "n": 1187,
    "mean": -0.34153873059139556,
    "median": -0.016083681369730034,
    "t": -1.9004804181273547,
    "hit": 0.4911541701769166,
    "t_cl_month": -0.5893815264801593
   },
   "dS_vs_univ_bps": {
    "n": 1704,
    "mean": 2.3663932115043673,
    "median": -1.6167538124264738,
    "t": 0.9665635745746535,
    "hit": 0.4800469483568075,
    "t_cl_month": 0.435558108829409
   },
   "resid_bps": {
    "n": 1031,
    "mean": 19.788316699234905,
    "median": -3.3168941431892165,
    "t": 6.04159865933669,
    "hit": 0.4626576139670223,
    "t_cl_month": 4.20072399853069
   }
  },
  "126": {
   "post_%": {
    "n": 1516,
    "mean": 1.3375684670010428,
    "median": 0.975219799471657,
    "t": 14.733398321922746,
    "hit": 0.8192612137203166,
    "t_cl_month": 6.84117109270463
   },
   "rel_univ_%": {
    "n": 1516,
    "mean": 0.46367974873554324,
    "median": 0.1854736216108959,
    "t": 5.467546922149768,
    "hit": 0.5296833773087071,
    "t_cl_month": 3.958493034488211
   },
   "prim_vs_univ_%": {
    "n": 1407,
    "mean": -0.032102439834364394,
    "median": 0.10065936375672058,
    "t": -0.1964626782407772,
    "hit": 0.5124378109452736,
    "t_cl_month": -0.06620514252367515
   },
   "rel_peer_%": {
    "n": 1935,
    "mean": 0.4202666982546374,
    "median": 0.16807322636762864,
    "t": 6.124063580339427,
    "hit": 0.5633074935400517,
    "t_cl_month": 4.997351349726116
   },
   "prim_vs_peer_%": {
    "n": 1705,
    "mean": 0.10839488044421856,
    "median": 0.18161353716872747,
    "t": 0.8053752031012464,
    "hit": 0.5601173020527859,
    "t_cl_month": 0.2779705366464197
   },
   "dS_vs_univ_bps": {
    "n": 1516,
    "mean": 2.562913240914255,
    "median": -4.207677464150102,
    "t": 0.8773535779542184,
    "hit": 0.44063324538258575,
    "t_cl_month": 0.5263695654795968
   },
   "resid_bps": {
    "n": 966,
    "mean": 27.211182632623004,
    "median": 0.1638486333851148,
    "t": 6.956248013849936,
    "hit": 0.5010351966873706,
    "t_cl_month": 5.3290028457633065
   }
  }
 }
}
   cq    n     conc      J    d_fp  ...  prim126   dS126    s_iss  relp126  primp126
0   0  395  -89.676 -2.166  32.818  ...   -2.998  25.656   64.508   -0.030    -2.183
1   1  394  -21.363  0.105   3.253  ...   -0.328   1.581   88.029   -0.095    -0.281
2   2  394    4.864  0.043   8.740  ...   -0.162   7.778  118.199    0.096    -0.139
3   3  394   51.371  0.883  -6.779  ...    1.360 -16.066  174.715    0.994     1.372
4   4  395  266.829  2.422  -9.488  ...    1.934  -2.390  383.874    1.147     1.995

[5 rows x 12 columns]
{
 "d_fp_bps": {
  "n": 1868,
  "b_conc": -0.10581115663343853,
  "t_conc": -0.8988344923094994,
  "b_s_iss": -0.060338780409551235,
  "t_s_iss": -2.363004829087214,
  "r2": 0.06886190325199715
 },
 "J": {
  "n": 1868,
  "b_conc": 9.590850797661664e-05,
  "t_conc": 1.1096332939848834,
  "b_s_iss": 7.453996288072884e-05,
  "t_s_iss": 4.4634627151072195,
  "r2": 0.15699118375691634
 },
 "rel_126": {
  "n": 1516,
  "b_conc": -2.948034967075037e-05,
  "t_conc": -2.1816148479723214,
  "b_s_iss": 5.945250332462907e-05,
  "t_s_iss": 4.361995277548534,
  "r2": 0.06405393247185043
 },
 "prim_126": {
  "n": 1407,
  "b_conc": 0.00010040529242991101,
  "t_conc": 0.9127445901313185,
  "b_s_iss": 6.746103719913763e-05,
  "t_s_iss": 2.588736283365434,
  "r2": 0.15104072551288195
 },
 "dS_126": {
  "n": 1516,
  "b_conc": -0.018696523235776183,
  "t_conc": -0.23525605501335464,
  "b_s_iss": -0.07852297371812163,
  "t_s_iss": -1.7468948211609983,
  "r2": 0.02420647418716526
 },
 "relp_126": {
  "n": 1935,
  "b_conc": 7.101532242659026e-08,
  "t_conc": 0.009075101018737073,
  "b_s_iss": 3.460587935821876e-05,
  "t_s_iss": 4.239374539554918,
  "r2": 0.06413905722802615
 },
 "primp_126": {
  "n": 1705,
  "b_conc": 8.364657062596927e-05,
  "t_conc": 1.0010059719928792,
  "b_s_iss": 6.128957815982133e-05,
  "t_s_iss": 3.6878226391302285,
  "r2": 0.13596607183538978
 }
}
incent
  incent     n    conc      J   d_fp  rel126  prim126  relp126  primp126
0      0  1343  41.167  0.431  6.173   0.092   -0.527    0.073    -0.265
1      1   629  45.195 -0.099  4.616   1.322    1.028    1.158     0.819
regime
    regime     n    conc      J     d_fp  rel126  prim126  relp126  primp126
0  ICVM400    26 -41.046 -7.756  102.471  -1.461   -6.339   -1.390    -6.385
1  ICVM476   623  62.812  0.471   11.383   0.620   -0.234    0.321    -0.231
2  RCVM160  1259  32.268  0.247    1.301   0.421    0.208    0.517     0.367
3    other    64  78.523  1.763   -9.299   0.252    1.020    0.264     0.738
first_time
  first_time     n     conc      J   d_fp  rel126  prim126  relp126  primp126
0      False  1565   14.039 -0.207  9.584   0.310   -0.299    0.279    -0.144
1       True   407  151.705  2.121 -9.830   1.078    1.202    0.973     1.284
size_t
  size_t    n     conc      J    d_fp  rel126  prim126  relp126  primp126
0  small  658  117.181  1.107   4.328   0.615    0.306    0.652     0.507
1    mid  657    8.907 -0.354  10.884   0.432   -0.460    0.274    -0.324
2  large  657    1.153  0.071   1.794   0.364    0.129    0.337     0.207
hy
                    hy     n     conc  ...  prim126  relp126  primp126
0                tight  1474  -12.571  ...   -0.490    0.238    -0.310
1  wide(>univ_med+100)   498  205.312  ...    1.427    0.968     1.505

[2 rows x 9 columns]
guarantee
       guarantee     n     conc      J  ...  rel126  prim126  relp126  primp126
0      Flutuante     8   62.467  0.946  ...   1.714    1.132    0.750     0.359
1  Quirografária  1502   12.017  0.493  ...   0.159    0.174    0.138     0.214
2           Real   458  138.406 -0.553  ...   1.483   -0.796    1.344    -0.274
3    Subordinada     4  443.915  4.008  ...  -0.465   -0.290    0.461     0.203

[4 rows x 9 columns]
rat_neg_365d
  rat_neg_365d     n    conc      J   d_fp  rel126  prim126  relp126  primp126
0            0  1903  43.604  0.274  5.769   0.458   -0.052    0.404     0.088
1            1    69  10.688 -0.089  3.052   0.607    0.432    0.860     0.616
mom
            mom     n    conc      J   d_fp  rel126  prim126  relp126  primp126
0  idadi_x63<=0   337  44.036  0.174  4.329   0.290   -0.046    0.263     0.041
1   idadi_x63>0  1635  42.125  0.277  5.905   0.484   -0.031    0.452     0.122
flow
      flow     n    conc      J   d_fp  rel126  prim126  relp126  primp126
0  af21<=0   249  48.998  0.700 -0.761   0.313    0.261    0.427     0.211
1   af21>0  1723  41.506  0.199  6.594   0.488   -0.079    0.419     0.094
kind
        kind     n    conc      J    d_fp  rel126  prim126  relp126  primp126
0  DI_SPREAD  1279  42.885  0.660   2.848   0.019   -0.133    0.024     0.083
1       IPCA   662  44.789 -0.528  12.136   1.319    0.040    1.132     0.067
2        PRE    31 -25.320  0.732 -16.100   1.845    3.050    1.558     1.837
year
   year    n    conc      J    d_fp  rel126  prim126  relp126  primp126
0  2021  259  72.846  1.823 -10.423   0.332   -0.626    0.493     0.458
1  2022  359  67.451  1.160   3.380   0.535    1.708   -0.007     0.900
2  2023  252  64.473  1.187  -6.255   0.605    0.917    0.619     0.855
3  2024  553   7.999 -1.288  23.867   0.411   -1.312    0.450    -1.121
4  2025  549  36.361  0.009   1.722   0.467    0.200    0.549     0.378
