dropped (traded before the registry settlement date): 12
eligible new series 2022-2025: 3064 screen pass 0.7672976501305483
                                   exCDI_%  exU_%  t_vsU  vsP4Q_%  t_vsP4Q      p  vol_%  sharpe  maxDD_%  h1_vsP4Q  h2_vsP4Q   n_sel  p_holm  vsP4Q_50bps_%  t_50bps  vsP4Q_rec40_%  vsP7_%  t_vsP7
A0_prim_all                          0.824 -0.278 -0.382   -1.395   -2.483  0.013  1.545   0.533   -3.153    -1.217    -1.573  3064.0   0.104         -1.254   -2.130         -1.362  -1.895  -3.013
A1_prim_conc0_scr                    2.920  1.818  3.538    0.702    1.646  0.100  1.558   1.874   -2.191     0.079     1.325  1478.0   0.588          0.838    1.857          0.734   0.202   0.429
A2_prim_conc50_scr                   3.531  2.429  4.368    1.313    2.984  0.003  1.747   2.021   -2.095     0.959     1.667  1064.0   0.031          1.453    3.106          1.345   0.813   1.612
A3_prim_top30carry_scr               2.953  1.851  3.330    0.734    1.655  0.098  1.630   1.812   -2.356     0.434     1.035  1232.0   0.588          0.870    1.815          0.767   0.234   0.468
A4_prim_incent_conc0_scr             3.872  2.771  3.419    1.654    1.768  0.077  2.763   1.401   -2.751    -0.708     4.017   319.0   0.540          1.797    1.922          1.687   1.154   1.276
A5_prim_firsttime_conc0_scr          2.837  1.736  2.592    0.619    0.945  0.345  2.062   1.376   -2.953    -0.180     1.419   828.0   0.588          0.757    1.115          0.652   0.119   0.175
A6_prim_conc0_scr_noprint_cash       1.695  0.593  0.790   -0.524   -1.091  0.275  0.619   2.737   -0.235    -0.541    -0.506  1478.0   0.588         -0.387   -0.805         -0.491  -1.024  -1.958
A7_prim_conc0_scr_noprint_carry      3.407  2.305  3.059    1.189    2.638  0.008  0.596   5.720    0.000     1.476     0.901  1478.0   0.075          1.324    2.922          1.221   0.688   1.387
A8_prim_conc0_scr_printed21          3.974  2.872  4.613    1.756    2.879  0.004  1.968   2.020   -1.038     1.127     2.384   272.0   0.040          1.926    3.077          1.788   1.255   2.004
B1_sec_conc0_scr                     3.285  2.184  2.889    1.067    1.601  0.109  2.068   1.589   -1.497    -0.032     2.166  1478.0   0.588          0.920    1.373          1.100   0.567   0.904
B3_sec_top30carry_scr                3.235  2.134  2.843    1.017    1.573  0.116  1.804   1.794   -1.705     0.166     1.868  1232.0   0.588          0.881    1.337          1.050   0.517   0.840
P4Q+20%A1_prim_conc0_scr             2.360  1.259  2.846    0.142    1.670  0.095  1.039   2.272   -1.423     0.018     0.266     NaN     NaN            NaN      NaN            NaN     NaN     NaN
P4Q+20%x30%fill_A1_prim_conc0_scr    2.261  1.159  2.545    0.043    1.675  0.094  1.034   2.187   -1.390     0.005     0.080     NaN     NaN            NaN      NaN            NaN     NaN     NaN
P4Q+20%A0_prim_all                   1.942  0.840  1.761   -0.277   -2.465  0.014  1.059   1.833   -1.651    -0.241    -0.312     NaN     NaN            NaN      NaN            NaN     NaN     NaN
P7                                   2.718  1.617  3.464    0.500    3.290  0.001  1.006   2.702   -1.004     0.374     0.626     NaN     NaN            NaN      NaN            NaN     NaN     NaN
primary vs first-print entry {'A1_minus_B1_%': -0.3651, 't': -0.4961, 'h1': 0.1106, 'h2': -0.8409}
placebo A1 {'exCDI_mean': 0.7453999999999998, 'exCDI_p95': 1.1493899999999997, 'vsP4Q_mean': -1.47283, 'vsP4Q_p95': -1.0688100000000003, 'n': 40} 
placebo A3 {'exCDI_mean': 0.6465525, 'exCDI_p95': 1.0240149999999995, 'vsP4Q_mean': -1.5716925000000002, 'vsP4Q_p95': -1.1941900000000005, 'n': 40}
