[     0s] building macro panel
[     0s] macro panel (4522, 79)
[     0s] preds (3847, 7)
[     3s] IDA eval done
[    10s] overlay replication check (harness vs mine, ann diff %): 0.0
[    29s] 
                            exCDI_%  exU_%  t_vsU  vs_bench_%  t_vs_bench  p_vs_bench  vol_%  sharpe  maxDD_%  h1_vs_bench  h2_vs_bench  turnover    n_avg  p_holm  avg_expo_ov
P4Q+IDA21 (current regime)    1.738  0.636  0.923      -0.480      -1.251       0.211  0.936   1.856   -1.145        0.317       -1.278     2.945  103.292   0.978        0.787
ov_mom63_inout                2.236  1.135  1.764       0.018       0.052       0.958  0.822   2.719   -0.501        0.390       -0.354     2.945  103.292   1.000        0.776
ov_vote_inout                 1.831  0.729  1.402      -0.387      -2.113       0.035  1.114   1.644   -1.350       -0.410       -0.365     2.945  103.292   0.330        0.899
ov_logit_inout                1.806  0.704  1.304      -0.412      -2.356       0.018  1.067   1.693   -1.514       -0.278       -0.547     2.945  103.292   0.222        0.925
ov_ridge_inout               -0.216 -1.318 -1.441      -2.434      -4.078       0.000  0.864  -0.250   -2.197       -1.291       -3.578     2.945  103.292   0.000        0.618
ov_gbm_inout                  0.950 -0.152 -0.202      -1.268      -2.906       0.004  0.965   0.985   -1.266       -0.662       -1.875     2.945  103.292   0.063        0.685
ov_hmm_inout                  0.440 -0.661 -0.729      -1.778      -2.846       0.004  0.778   0.566   -0.861       -1.350       -2.206     2.945  103.292   0.070        0.496
ov_logit_size                 0.741 -0.360 -0.389      -1.477      -2.277       0.023  0.703   1.054   -0.707       -0.306       -2.648     2.945  103.292   0.251        0.560
ov_ridge_size                -0.452 -1.553 -1.659      -2.670      -4.098       0.000  1.215  -0.372   -3.074       -1.470       -3.869     2.945  103.292   0.000        0.796
ov_gbm_size                   0.095 -1.007 -1.255      -2.123      -4.217       0.000  1.212   0.078   -2.500       -1.410       -2.837     2.945  103.292   0.000        0.836
ov_hmm_size                   1.246  0.145  0.185      -0.972      -1.811       0.070  1.101   1.132   -1.315       -0.378       -1.565     2.945  103.292   0.421        0.849
ov_ens_inout                  1.204  0.102  0.138      -1.014      -2.132       0.033  1.074   1.121   -1.266       -0.250       -1.779     2.945  103.292   0.330        0.781
ov_ens_size                   1.248  0.146  0.219      -0.970      -2.692       0.007  0.962   1.297   -1.178       -0.273       -1.668     2.945  103.292   0.107        0.913
static_1.25x                  2.656  1.554  3.766       0.438       2.483       0.013  1.302   2.040   -1.777        0.256        0.619     2.945  103.292   0.182        1.250
static_1.5x                   3.093  1.992  4.594       0.875       2.483       0.013  1.562   1.980   -2.160        0.511        1.239     2.945  103.292   0.182        1.500
ov_spread_size                1.132  0.030  0.036      -1.086      -2.074       0.038  1.120   1.010   -2.160       -0.064       -2.109     2.945  103.292   0.330        0.729
entry_spread_size             1.585  0.484  0.653      -0.633      -1.294       0.196  1.129   1.404   -2.094        0.115       -1.381     2.562      NaN   0.978        0.705
entry_ens_size                2.115  1.013  2.150      -0.103      -0.556       0.578  1.072   1.973   -1.692       -0.019       -0.188     3.388      NaN   1.000        0.894
entry_ens_inout               1.830  0.728  1.483      -0.388      -2.033       0.042  0.913   2.005   -1.364       -0.414       -0.362     2.762      NaN   0.330        0.759
entry_gbm_size                2.113  1.011  2.174      -0.105      -0.350       0.726  1.130   1.869   -2.049       -0.245        0.034     3.476      NaN   1.000        0.865
P4Q                           2.218  1.116  2.409       0.000         NaN         NaN  1.042   2.130   -1.393        0.000        0.000     2.945  103.292     NaN        1.000
[    31s] robustness {
"P4Q+IDA21 (current regime)": {
"diff50_%": -1.193,
"t50": -2.0538,
"diff_lag5_%": -0.716,
"diff_lag10_%": -0.5573,
"diff_fund100_%": -0.4804
},
"ov_ens_size": {
"diff50_%": -2.1111,
"t50": -4.9906,
"diff_lag5_%": -0.9038,
"diff_lag10_%": -1.0453,
"diff_fund100_%": -1.0453
},
"ov_ens_inout": {
"diff50_%": -1.83,
"t50": -2.7497,
"diff_lag5_%": -1.1254,
"diff_lag10_%": -1.0909,
"diff_fund100_%": -1.0144
},
"ov_gbm_size": {
"diff50_%": -4.0108,
"t50": -5.9271,
"diff_lag5_%": -2.0099,
"diff_lag10_%": -2.2008,
"diff_fund100_%": -2.2398
},
"ov_logit_inout": {
"diff50_%": -0.7678,
"t50": -3.0211,
"diff_lag5_%": -0.3566,
"diff_lag10_%": -0.5073,
"diff_fund100_%": -0.4122
},
"ov_hmm_inout": {
"diff50_%": -2.4179,
"t50": -3.1179,
"diff_lag5_%": -1.6177,
"diff_lag10_%": -1.5756,
"diff_fund100_%": -1.7778
},
"ov_spread_size": {
"diff50_%": -1.1339,
"t50": -2.3201,
"diff_lag5_%": -1.0586,
"diff_lag10_%": -1.0426,
"diff_fund100_%": -1.154
},
"static_1.25x": {
"diff50_%": 0.342,
"t50": 1.9348,
"diff_lag5_%": 0.4375,
"diff_lag10_%": 0.4375,
"diff_fund100_%": 0.32
}
}
[    31s] placebo ov_ens_size
[    34s] placebo ov_ens_inout
[    37s] placebo ov_gbm_size
[    40s] placebo P4Q+IDA21 (current regime)
[    43s] placebo {'ov_ens_size': {'actual_diff_%': -0.9684867342716498, 'placebo_mean_%': -1.325, 'placebo_p95_%': -0.737, 'p_placebo': 0.175}, 'ov_ens_inout': {'actual_diff_%': -1.0147504860385173, 'placebo_mean_%': -1.254, 'placebo_p95_%': -0.883, 'p_placebo': 0.145}, 'ov_gbm_size': {'actual_diff_%': -2.12241642774985, 'placebo_mean_%': -2.369, 'placebo_p95_%': -1.714, 'p_placebo': 0.315}, 'P4Q+IDA21 (current regime)': {'actual_diff_%': -0.48000868601043006, 'placebo_mean_%': -1.148, 'placebo_p95_%': -0.883, 'p_placebo': 0.0}}
[    74s] holdout {
"ov_ens_size": {
"ann_excess_%": -0.0374,
"vol_%": 1.0416,
"sharpe": -0.0359,
"max_dd_%": -0.5956,
"worst_month_%": -0.4686,
"hit": 0.4444,
"skew": 0.9677,
"t_nw": -0.0494,
"h1_2022_23_%": NaN,
"h2_2024_25_%": NaN,
"cum_%": -0.0316,
"n_months": 9,
"period": "2026-01..2026-09",
"diff_ann_%": -0.1174,
"diff_t_nw": -0.3471,
"diff_p": 0.7285,
"diff_h1_%": NaN,
"diff_h2_%": NaN,
"diff_hit": 0.5556,
"diff_te_%": 0.6736
},
"ov_mom63_inout": {
"ann_excess_%": -0.9612,
"vol_%": 0.8342,
"sharpe": -1.1522,
"max_dd_%": -0.7764,
"worst_month_%": -0.5834,
"hit": 0.2222,
"skew": -0.7339,
"t_nw": -1.3999,
"h1_2022_23_%": NaN,
"h2_2024_25_%": NaN,
"cum_%": -0.7209,
"n_months": 9,
"period": "2026-01..2026-09",
"diff_ann_%": -1.0412,
"diff_t_nw": -2.2816,
"diff_p": 0.0225,
"diff_h1_%": NaN,
"diff_h2_%": NaN,
"diff_hit": 0.2222,
"diff_te_%": 0.8966
},
"P4Q+IDA21 (current regime)": {
"ann_excess_%": 0.3508,
"vol_%": 1.0631,
"sharpe": 0.33,
"max_dd_%": -0.6513,
"worst_month_%": -0.458,
"hit": 0.3333,
"skew": 0.3368,
"t_nw": 0.4195,
"h1_2022_23_%": NaN,
"h2_2024_25_%": NaN,
"cum_%": 0.2596,
"n_months": 9,
"period": "2026-01..2026-09",
"diff_ann_%": 0.2708,
"diff_t_nw": 0.8469,
"diff_p": 0.3971,
"diff_h1_%": NaN,
"diff_h2_%": NaN,
"diff_hit": 0.4444,
"diff_te_%": 0.5258
},
"P4Q": {
"ann_excess_%": 0.08,
"vol_%": 1.2492,
"sharpe": 0.064,
"max_dd_%": -0.7764,
"worst_month_%": -0.5834,
"hit": 0.4444,
"skew": 0.0064,
"t_nw": 0.0904,
"h1_2022_23_%": NaN,
"h2_2024_25_%": NaN,
"cum_%": 0.0548,
"n_months": 9,
"period": "2026-01..2026-09"
}
}
[    74s] done
