[    6s] A3_q0.1 {'ann_excess_%': 2.462, 'diff_ann_%': 0.2438, 'diff_t_nw': 1.6281, 'diff_p': 0.1035, 'diff_h1_%': 0.1369, 'diff_h2_%': 0.3507, 'max_dd_%': -0.9532, 'vol_%': 0.9309}
[    9s] A3_q0.15 {'ann_excess_%': 2.5332, 'diff_ann_%': 0.315, 'diff_t_nw': 1.7941, 'diff_p': 0.0728, 'diff_h1_%': 0.2173, 'diff_h2_%': 0.4127, 'max_dd_%': -0.7949, 'vol_%': 0.9258}
[   11s] A3_q0.2 {'ann_excess_%': 2.5686, 'diff_ann_%': 0.3504, 'diff_t_nw': 1.6454, 'diff_p': 0.0999, 'diff_h1_%': 0.167, 'diff_h2_%': 0.5338, 'max_dd_%': -0.7357, 'vol_%': 0.9302}
[   14s] A3_q0.25 {'ann_excess_%': 2.5784, 'diff_ann_%': 0.3602, 'diff_t_nw': 1.6138, 'diff_p': 0.1066, 'diff_h1_%': 0.165, 'diff_h2_%': 0.5553, 'max_dd_%': -0.7148, 'vol_%': 0.95}
[   16s] A3_q0.3 {'ann_excess_%': 2.5863, 'diff_ann_%': 0.3681, 'diff_t_nw': 1.5746, 'diff_p': 0.1153, 'diff_h1_%': 0.1411, 'diff_h2_%': 0.5951, 'max_dd_%': -0.7461, 'vol_%': 0.9693}
[   18s] A3_q0.4 {'ann_excess_%': 2.6211, 'diff_ann_%': 0.4029, 'diff_t_nw': 1.5765, 'diff_p': 0.1149, 'diff_h1_%': 0.1752, 'diff_h2_%': 0.6305, 'max_dd_%': -0.6856, 'vol_%': 0.9903}
[   20s] A1_dd_q0.2 {'ann_excess_%': 2.5551, 'diff_ann_%': 0.3369, 'diff_t_nw': 1.6242, 'diff_p': 0.1043, 'diff_h1_%': 0.1662, 'diff_h2_%': 0.5075, 'max_dd_%': -0.7404, 'vol_%': 0.9377}
[   22s] A3_inbook_q0.2 {'ann_excess_%': 2.4119, 'diff_ann_%': 0.1936, 'diff_t_nw': 1.4311, 'diff_p': 0.1524, 'diff_h1_%': 0.1669, 'diff_h2_%': 0.2204, 'max_dd_%': -0.9303, 'vol_%': 0.9317}
[   24s] C2_eqdd252_q0.2 {'ann_excess_%': 2.5608, 'diff_ann_%': 0.3426, 'diff_t_nw': 1.8431, 'diff_p': 0.0653, 'diff_h1_%': 0.1864, 'diff_h2_%': 0.4989, 'max_dd_%': -0.7158, 'vol_%': 0.9526}
[   26s] C3_eqr63_q0.2 {'ann_excess_%': 2.4729, 'diff_ann_%': 0.2547, 'diff_t_nw': 1.8731, 'diff_p': 0.0611, 'diff_h1_%': 0.1216, 'diff_h2_%': 0.3878, 'max_dd_%': -0.9674, 'vol_%': 0.9762}
[   28s] X1_P4Q_drop_all_withCG {'ann_excess_%': 2.6263, 'diff_ann_%': 0.4081, 'diff_t_nw': 1.3425, 'diff_p': 0.1794, 'diff_h1_%': 0.1112, 'diff_h2_%': 0.7049, 'max_dd_%': -1.0143, 'vol_%': 1.1071}
[   29s] X2_P4Q_unlisted_only {'ann_excess_%': 2.5701, 'diff_ann_%': 0.3519, 'diff_t_nw': 1.0467, 'diff_p': 0.2952, 'diff_h1_%': -0.0367, 'diff_h2_%': 0.7404, 'max_dd_%': -1.0991, 'vol_%': 1.1701}
[   57s] costs/horizons {'cost50': 0.3397, 'cost100': 0.3182, 'hold63': 0.4457, 'hold252': 0.3473, 'rec40': 0.3444, 'start_2022_07': 0.4133}
[   58s] years {'excl_2022': {'diff_ann_%': 0.4809216720601417, 't': 1.7441580242597636}, 'only_2022': -0.0411429652626194, 'excl_2023': {'diff_ann_%': 0.34217125529723, 't': 1.5019417077340211}, 'only_2023': 0.3751082850261156, 'excl_2024': {'diff_ann_%': 0.023445335399263634, 't': 0.09257006059518198}, 'only_2024': 1.3312860447200148, 'excl_2025': {'diff_ann_%': 0.5550837881611703, 't': 1.7212360216334008}, 'only_2025': -0.2636293135657053, 'top3_months': {'2024-12-01': 0.7601677783301897, '2023-01-01': 0.36446962391204485, '2024-04-01': 0.2040650938218258}, 'diff_excl_top3_months_ann': 0.01944521462766543, 'diff_excl_top3_t': 0.17574191487661206}
[   62s] excl top1 {'ann_excess_%': 2.5644, 'diff_ann_%': 0.2414, 'diff_t_nw': 1.256, 'diff_p': 0.2091, 'diff_h1_%': 0.1597, 'diff_h2_%': 0.3231, 'max_dd_%': -0.7379, 'vol_%': 0.9306}
[   66s] excl top3 {'ann_excess_%': 2.5727, 'diff_ann_%': 0.1283, 'diff_t_nw': 1.0048, 'diff_p': 0.315, 'diff_h1_%': 0.0354, 'diff_h2_%': 0.2212, 'max_dd_%': -0.7297, 'vol_%': 0.939}
[   69s] excl top5 {'ann_excess_%': 2.5875, 'diff_ann_%': 0.0685, 'diff_t_nw': 0.5655, 'diff_p': 0.5717, 'diff_h1_%': -0.0599, 'diff_h2_%': 0.1969, 'max_dd_%': -0.7101, 'vol_%': 0.9452}
[   73s] excl top10 {'ann_excess_%': 2.597, 'diff_ann_%': 0.0122, 'diff_t_nw': 0.1031, 'diff_p': 0.9179, 'diff_h1_%': -0.1324, 'diff_h2_%': 0.1568, 'max_dd_%': -0.6936, 'vol_%': 0.9545}
[  309s] placebo1 {'mean': 0.13329000000000002, 'sd': 0.03561343426292948, 'p95': 0.193035, 'max': 0.2158, 'p_ge_actual': 0.0, 'actual': 0.3504, 'n': 100}
[  413s] placebo2 {'mean': 0.004262000000000001, 'sd': 0.017859315664380874, 'p95': 0.03163999999999999, 'max': 0.0376, 'p_ge_actual': 0.0, 'actual': 0.3504, 'n': 50}
[  414s] done
