[+     0s] building / loading network features
[+     8s] coverage {'sib_min_r4': 0.7510818602392234, 'sib_gap': 0.7510818602392234, 'grp_hard': 0.4571209753242467, 'grp_r4': 0.4571209753242467, 'aff_any': 0.05288817768036712, 'sec_hard': 0.9061412302385385, 'sec_r4': 0.9061412302385385, 'sec_r13': 0.9061412302385385, 'exp_any': 0.9096779014090646, 'exp_r4': 0.9096779014090646, 'hold_ret': 0.9321370086486553, 'hold_any': 0.9321370086486553, 'flow21': 0.9319066268998711}
[+   137s] FM done
                              slope_ann_%  t_nw  n_dates  h1_ann_%  h2_ann_%  t_h1  t_h2    n
sib_min_r4|fwd_21                   -0.40 -1.01    231.0      0.42     -1.53  0.85 -2.82  NaN
sib_gap|fwd_21                      -0.68 -1.48    231.0      0.23     -1.95  0.38 -3.43  NaN
grp_hard|fwd_21                     -1.23 -0.89    170.0      1.48     -4.67  1.54 -1.79  NaN
grp_r4|fwd_21                       -0.29 -0.61    231.0     -0.35     -0.21 -0.53 -0.30  NaN
aff_any|fwd_21                        NaN   NaN      NaN       NaN       NaN   NaN   NaN  9.0
sec_hard|fwd_21                      0.65  0.97    228.0      0.98      0.21  0.88  0.44  NaN
sec_r4|fwd_21                       -1.20 -2.76    231.0     -1.10     -1.33 -1.72 -2.50  NaN
sec_r13|fwd_21                      -2.26 -4.09    231.0     -2.36     -2.14 -2.85 -3.27  NaN
exp_any|fwd_21                      -0.65 -1.28    231.0      0.11     -1.68  0.14 -3.75  NaN
exp_r4|fwd_21                       -0.43 -1.06    231.0      0.18     -1.27  0.35 -2.20  NaN
hold_ret|fwd_21                     -0.29 -0.51    222.0      0.10     -0.81  0.12 -1.07  NaN
hold_any|fwd_21                     -1.18 -2.66    226.0     -1.13     -1.25 -2.03 -1.73  NaN
flow21|fwd_21                        0.53  0.76    226.0      0.97     -0.06  0.84 -0.12  NaN
sib_min_r4|fwd_63                    0.05  0.10    222.0      0.80     -1.10  1.24 -3.26  NaN
sib_gap|fwd_63                      -0.16 -0.38    222.0      0.47     -1.12  0.78 -3.21  NaN
grp_hard|fwd_63                     -1.08 -1.88    164.0     -0.09     -2.44 -0.20 -2.35  NaN
grp_r4|fwd_63                       -0.34 -1.21    222.0     -0.35     -0.33 -0.96 -0.76  NaN
aff_any|fwd_63                        NaN   NaN      NaN       NaN       NaN   NaN   NaN  7.0
sec_hard|fwd_63                      0.64  1.38    219.0      0.80      0.41  1.18  0.73  NaN
sec_r4|fwd_63                       -1.23 -3.31    222.0     -1.35     -1.04 -2.41 -2.83  NaN
sec_r13|fwd_63                      -1.60 -4.32    222.0     -1.61     -1.59 -3.00 -3.54  NaN
exp_any|fwd_63                      -0.72 -1.38    222.0     -0.56     -0.96 -0.66 -3.29  NaN
exp_r4|fwd_63                       -0.69 -2.23    222.0     -0.32     -1.25 -0.90 -2.52  NaN
hold_ret|fwd_63                      0.31  0.45    213.0      0.81     -0.41  0.78 -0.61  NaN
hold_any|fwd_63                     -1.48 -2.36    217.0     -1.87     -0.91 -1.94 -1.61  NaN
flow21|fwd_63                        1.01  1.33    217.0      1.39      0.47  1.12  1.12  NaN
sib_min_r4|fwd_63|within_p4q        -1.63 -1.88    145.0      0.16     -2.89  0.29 -2.51  NaN
sib_gap|fwd_63|within_p4q           -1.74 -1.75    145.0     -0.06     -2.92 -0.09 -2.05  NaN
grp_hard|fwd_63|within_p4q            NaN   NaN      NaN       NaN       NaN   NaN   NaN  1.0
grp_r4|fwd_63|within_p4q              NaN   NaN      NaN       NaN       NaN   NaN   NaN  4.0
aff_any|fwd_63|within_p4q             NaN   NaN      NaN       NaN       NaN   NaN   NaN  0.0
sec_hard|fwd_63|within_p4q          -1.66 -2.20    202.0     -1.48     -1.90 -1.38 -1.82  NaN
sec_r4|fwd_63|within_p4q            -0.42 -0.82    204.0     -0.55     -0.25 -0.69 -0.47  NaN
sec_r13|fwd_63|within_p4q           -0.97 -1.41    204.0     -0.37     -1.76 -0.36 -2.69  NaN
exp_any|fwd_63|within_p4q           -1.48 -2.75    213.0     -1.05     -2.10 -1.50 -2.59  NaN
exp_r4|fwd_63|within_p4q            -0.40 -0.90    213.0     -0.31     -0.54 -0.45 -1.10  NaN
hold_ret|fwd_63|within_p4q           0.41  0.43    207.0      1.11     -0.56  0.88 -0.40  NaN
hold_any|fwd_63|within_p4q          -0.53 -0.86    212.0      0.06     -1.37  0.10 -1.23  NaN
flow21|fwd_63|within_p4q             0.59  0.62    212.0     -0.78      2.53 -0.61  2.45  NaN
                              n_obs  n_dates  mean_%  ann_%   t_nw   h1_%   h2_%
group_mate_shocked           3685.0    200.0   0.032  0.128  0.350  0.141 -0.135
group_mate_ret_shocked       2407.0    162.0   0.027  0.106  0.193  0.054 -0.020
sector_hard_top10pct        15248.0    222.0   0.032  0.127  0.460  0.104 -0.078
sibling_drop_3pct_own_flat  11498.0    220.0  -0.091 -0.364 -1.137 -0.015 -0.205
holder_loss_top10pct        13840.0    217.0   0.105  0.421  0.732 -0.031  0.305
holder_outflow_bottom10pct  13149.0    217.0   0.154  0.617  1.213  0.033  0.331
own_shock                    8750.0    222.0  -0.266 -1.064 -1.610 -0.216 -0.342
                              n_obs  n_dates  mean_%  ann_%   t_nw   h1_%   h2_%
group_mate_shocked           4041.0    209.0  -0.047 -0.563 -0.470  0.117 -0.272
group_mate_ret_shocked       2668.0    169.0  -0.097 -1.167 -0.739  0.109 -0.411
sector_hard_top10pct        16307.0    231.0   0.016  0.196  0.648  0.029 -0.001
sibling_drop_3pct_own_flat  12402.0    229.0  -0.077 -0.918 -2.055 -0.055 -0.106
holder_loss_top10pct        14633.0    226.0  -0.011 -0.132 -0.227 -0.071  0.069
holder_outflow_bottom10pct  14005.0    226.0   0.031  0.375  0.860 -0.011  0.088
own_shock                    9378.0    231.0  -0.152 -1.824 -1.594 -0.183 -0.109
                          exCDI_%  exU_%  t_vsU  vs_bench_%  t_vs_bench  p_vs_bench  vol_%  sharpe  maxDD_%  h1_vs_bench  h2_vs_bench  turnover    n_avg  p_holm
avoid_group_shock           2.226  1.125  2.401       0.008       1.021       0.307  1.048   2.123   -1.400        0.008        0.009     2.964  101.333   1.000
avoid_group_retshock        2.229  1.127  2.426       0.011       2.230       0.026  1.044   2.135   -1.396        0.006        0.016     2.957  102.312   0.258
avoid_sibling_drop          2.226  1.125  2.453       0.008       0.368       0.712  1.047   2.126   -1.358       -0.004        0.021     2.956   99.896   1.000
avoid_holder_loss_d10       2.180  1.078  2.092      -0.038      -0.410       0.682  0.977   2.230   -1.381        0.166       -0.242     3.222   86.208   1.000
avoid_holder_outflow_d10    2.138  1.036  2.156      -0.080      -1.540       0.124  1.054   2.028   -1.415       -0.027       -0.134     3.120   89.562   1.000
avoid_sector_stress_q5      2.283  1.181  2.354       0.065       0.543       0.587  0.927   2.462   -1.159       -0.006        0.136     3.249   76.542   1.000
avoid_exposure_stress_q5    2.286  1.184  2.744       0.068       0.922       0.356  1.108   2.062   -1.427        0.004        0.132     3.167   81.354   1.000
sector_mom_drop_bottom_q    2.220  1.118  2.574       0.001       0.015       0.988  1.077   2.061   -1.434       -0.189        0.191     3.153   85.708   1.000
sector_rev_drop_top_q       2.269  1.168  2.178       0.051       0.473       0.636  1.024   2.215   -1.233        0.228       -0.126     3.125   83.438   1.000
avoid_any_neighbour         2.193  1.091  2.130      -0.026      -0.278       0.781  0.990   2.214   -1.364        0.167       -0.218     3.262   81.167   1.000
P4                          1.890  0.788  1.588      -0.329      -2.275       0.023  1.046   1.806   -1.564       -0.296       -0.362     2.738  129.521   0.252
[+   226s] portfolios done
[+   276s] placebo {'actual': 2.286, 'placebo_mean': 2.1879850000000003, 'placebo_p95': 2.28364, 'p4q': 2.2182, 'share_placebo_ge_actual': 0.05}
[+   307s] charts done
[+   307s] wrote C:\Users\maxpn\OneDrive\Documents\itau\renda-fixa-monitor\research\nightly\network_contagion\results.json
